exports[`test can render table correctly 1`] = `
<div
  className="table table-responsive">
  <table
    className="table table">
    <thead>
      <tr>
        <th>
          id
        </th>
        <th>
          name
        </th>
      </tr>
    </thead>
    <tbody>
      <tr>
        <td>
          1933639
        </td>
        <td>
          modern double room, 5 min to MRT
        </td>
      </tr>
      <tr>
        <td>
          15554097
        </td>
        <td>
          Taipei i trip❤4mins MRT❤Xingtian temple❤homey apt
        </td>
      </tr>
      <tr>
        <td>
          7217332
        </td>
        <td>
          only5 secand to Xingtian Temple MRT
        </td>
      </tr>
      <tr>
        <td>
          11643239
        </td>
        <td>
          Bright, cozy and clean private room
        </td>
      </tr>
      <tr>
        <td>
          12200400
        </td>
        <td>
          Baloo\'s home
        </td>
      </tr>
      <tr>
        <td>
          5458777
        </td>
        <td>
          地鐵與機場都超方便的和室套房
        </td>
      </tr>
      <tr>
        <td>
          5332664
        </td>
        <td>
          North-Europe LOFT High Ceiling Room
        </td>
      </tr>
      <tr>
        <td>
          8707367
        </td>
        <td>
          S.H中山國小捷運站5分鐘精緻C室可小團體8人套房月租
        </td>
      </tr>
      <tr>
        <td>
          2789610
        </td>
        <td>
          Taipei MRT Studio 到站即到家 MRT1 분
        </td>
      </tr>
      <tr>
        <td>
          15038033
        </td>
        <td>
          台北市市中心五星級小豪宅飯店式管理-捷運松江南京站就在家門口
        </td>
      </tr>
      <tr>
        <td>
          15537593
        </td>
        <td>
          HELLO 6-persons MRT Songjiang Nanjing 5 minutes
        </td>
      </tr>
      <tr>
        <td>
          4900301
        </td>
        <td>
          suite A6 @Xingtian Temple Station 
        </td>
      </tr>
      <tr>
        <td>
          8312800
        </td>
        <td>
          5★ location city centre MRT apt
        </td>
      </tr>
      <tr>
        <td>
          1996229
        </td>
        <td>
          MRT Apartment-SongjiangNanjing*TWO
        </td>
      </tr>
      <tr>
        <td>
          13059703
        </td>
        <td>
          行天宮正對面 溫馨雅房
        </td>
      </tr>
      <tr>
        <td>
          12368784
        </td>
        <td>
          New open!! Zhongshan Elementary school MRT-Z STAR
        </td>
      </tr>
      <tr>
        <td>
          1102678
        </td>
        <td>
          Taipei Manor I
        </td>
      </tr>
      <tr>
        <td>
          15591121
        </td>
        <td>
          MRT松江南京全新裝潢雙人房
        </td>
      </tr>
    </tbody>
  </table>
</div>
`;
